# the table a contributor edits a prompt against


Calibration: exact-match against starter v1
  source     computed locally (this goal calls no model)
  records    60 scored, 0 errored

  kappa              0.867        95% CI [0.731, 0.967] (bootstrap-percentile)
  raw agreement      0.933        a constant judge scores 0.533 on this set
  sensitivity        0.875        of the records humans passed
  specificity        1.000        of the records humans failed
  marginals          judge 0.467  humans 0.533
  inter-human kappa  0.900        the ceiling: a judge cannot beat its own labelers

  PASS
  kappa 0.867, 95% CI [0.731, 0.967], entirely at or above the 0.60 floor

  Disagreements
  RECORD  HUMAN  JUDGE  RATIONALE
  al-000  pass   fail   output did not match the expected answer
  al-007  pass   fail   output did not match the expected answer
  al-016  pass   fail   output did not match the expected answer
  al-024  pass   fail   output did not match the expected answer

===== --json =====
{
  "calibrations": [
    {
      "goal": "exact-match",
      "set": "starter",
      "set_version": 1,
      "set_content_sha256": "8f3fcd006f6d89a1aca3904dc02f8d41c785c4d9faa856ec9ad0e4bf57d53b6e",
      "source": "local",
      "prompt_sha": "no-prompt",
      "n_records": 60,
      "n_scored": 60,
      "n_errored": 0,
      "kappa": 0.8672566371681416,
      "kappa_interval": {
        "low": 0.7307070707070709,
        "high": 0.9666666666666666,
        "level": 0.95,
        "method": "bootstrap-percentile",
        "n": 60
      },
      "raw_agreement": 0.9333333333333333,
      "constant_judge_raw_agreement": 0.5333333333333333,
      "sensitivity": 0.875,
      "specificity": 1,
      "symmetry_gap": 0.125,
      "judge_positive_rate": 0.4666666666666667,
      "human_positive_rate": 0.5333333333333333,
      "inter_human_kappa": 0.8999999999999999,
      "min_kappa": 0.6,
      "verdict": "PASS",
      "cause": "kappa 0.867, 95% CI [0.731, 0.967], entirely at or above the 0.60 floor",
      "disagreements": [
        {
          "record_id": "al-000",
          "human_passed": true,
          "judge_passed": false,
          "rationale": "output did not match the expected answer"
        },
        {
          "record_id": "al-007",
          "human_passed": true,
          "judge_passed": false,
          "rationale": "output did not match the expected answer"
        },
        {
          "record_id": "al-016",
          "human_passed": true,
          "judge_passed": false,
          "rationale": "output did not match the expected answer"
        },
        {
          "record_id": "al-024",
          "human_passed": true,
          "judge_passed": false,
          "rationale": "output did not match the expected answer"
        }
      ]
    }
  ],
  "verdict": "PASS",
  "failed": 0
}
